ASxxxx Linker V03.00 + NoICE + sdld,  page 1.
Hexadecimal  [32-Bits]

Area                                    Addr        Size        Decimal Bytes (Attributes)
--------------------------------        ----        ----        ------- ----- ------------
.  .ABS.                            00000000    00000000 =           0. bytes (ABS,CON)

      Value  Global                              Global Defined In Module
      -----  --------------------------------   ------------------------
     00000000  .__.ABS.                           
     00000000  _rRAMG                             
     00000000  l__BASE                         
     00000000  l__BSS                          
     00000000  l__CABS                         
     00000000  l__CODE_0                       
     00000000  l__CRASH_HEADER                 
     00000000  l__CRASH_SCRATCH                
     00000000  l__DABS                         
     00000000  l__EHL_TRAMPOLINE               
     00000000  l__HEADER                       
     00000000  l__HEADER_LCD                   
     00000000  l__HEADER_SIO                   
     00000000  l__HEADER_TIMER                 
     00000000  l__HEAP                         
     00000000  l__HRAM                         
     00000000  l__LIT                          
     00000000  s__CABS                         
     00000000  s__CRASH_HEADER                 
     00000000  s__CRASH_HEADER0                
     00000000  s__CRASH_HEADER1                
     00000000  s__CRASH_SCRATCH                
     00000000  s__CRASH_SCRATCH2               
     00000000  s__DABS                         
     00000000  s__EHL_TRAMPOLINE               
     00000000  s__EHL_TRAMPOLINE0              
     00000000  s__HEADER                       
     00000000  s__HEADER0                      
     00000000  s__HEADER1                      
     00000000  s__HEADER10                     
     00000000  s__HEADER11                     
     00000000  s__HEADER2                      
     00000000  s__HEADER3                      
     00000000  s__HEADER4                      
     00000000  s__HEADER5                      
     00000000  s__HEADER6                      
     00000000  s__HEADER7                      
     00000000  s__HEADER8                      
     00000000  s__HEADER9                      
     00000000  s__HEADER_LCD                   
     00000000  s__HEADER_LCD0                  
     00000000  s__HEADER_SIO                   
     00000000  s__HEADER_SIO0                  
     00000000  s__HEADER_TIMER                 
     00000000  s__HEADER_TIMER0                
     00000000  s__HEADERa                      
     00000000  s__HEADERb                      
     00000000  s__HEADERc                      
     00000000  s__HEADERd                      
     00000000  s__HEADERe                      
ASxxxx Linker V03.00 + NoICE + sdld,  page 2.
Hexadecimal  [32-Bits]

Area                                    Addr        Size        Decimal Bytes (Attributes)
--------------------------------        ----        ----        ------- ----- ------------
.  .ABS.                            00000000    00000000 =           0. bytes (ABS,CON)

      Value  Global                              Global Defined In Module
      -----  --------------------------------   ------------------------
     00000000  s__HEADERf                      
     00000000  s__HRAM                         
     00000000  s__HRAM12                       
     00000001  ___bank_SGB_border_chr             border
     00000001  ___bank_SGB_border_map             border
     00000001  ___bank_SGB_border_pal             border
     00000001  ___bank_VM_SGB                     vm_sgb
     00000001  ___bank_bg_house_wide_tilemap_at   bg_house_wide_tilemap_attr
     00000001  ___bank_font_gbs_mono              font_gbs_mono
     00000001  ___bank_scene_3_triggers           scene_3_triggers
     00000001  b_ui_draw_frame                    ui
     00000001  b_ui_draw_text_buffer_char         ui
     00000001  b_ui_init                          ui
     00000001  b_ui_load_tiles                    ui
     00000001  b_ui_run_menu                      ui
     00000001  b_ui_run_modal                     ui
     00000001  b_ui_set_start_tile                ui
     00000001  l__GSFINAL                      
     00000001  l__HEADER0                      
     00000001  l__HEADER11                     
     00000001  l__HEADER9                      
     00000001  l__HEADERa                      
     00000001  l__HEADERb                      
     00000001  l__HEADERd                      
     00000001  l__HEADERe                      
     00000002  ___bank_ACTOR                      actor
     00000002  ___bank_VM_ACTOR                   vm_actor
     00000002  ___bank_bg_titlescreen_tileset     bg_titlescreen_tileset
     00000002  ___bank_scene_5_sprites            scene_5_sprites
     00000002  ___bank_sprite_actor_animated      sprite_actor_animated
     00000002  b_activate_actor                   actor
     00000002  b_activate_actors_in_col           actor
     00000002  b_activate_actors_in_row           actor
     00000002  b_actor_at_tile                    actor
     00000002  b_actor_get_frame_offset           actor
     00000002  b_actor_in_front_of_player         actor
     00000002  b_actor_overlapping_bb             actor
     00000002  b_actor_overlapping_player         actor
     00000002  b_actor_set_anim_idle              actor
     00000002  b_actor_set_anim_moving            actor
     00000002  b_actor_set_dir                    actor
     00000002  b_actor_set_frame_offset           actor
     00000002  b_actor_set_frames                 actor
     00000002  b_actors_handle_player_collision   actor
     00000002  b_actors_init                      actor
     00000002  b_check_collision_in_direction     actor
     00000002  b_deactivate_actor                 actor
     00000002  b_player_init                      actor
     00000002  b_vm_actor_activate                vm_actor
     00000002  b_vm_actor_deactivate              vm_actor
     00000002  b_vm_actor_emote                   vm_actor
ASxxxx Linker V03.00 + NoICE + sdld,  page 3.
Hexadecimal  [32-Bits]

Area                                    Addr        Size        Decimal Bytes (Attributes)
--------------------------------        ----        ----        ------- ----- ------------
.  .ABS.                            00000000    00000000 =           0. bytes (ABS,CON)

      Value  Global                              Global Defined In Module
      -----  --------------------------------   ------------------------
     00000002  b_vm_actor_get_angle               vm_actor
     00000002  b_vm_actor_get_anim_frame          vm_actor
     00000002  b_vm_actor_get_dir                 vm_actor
     00000002  b_vm_actor_get_pos                 vm_actor
     00000002  b_vm_actor_move_cancel             vm_actor
     00000002  b_vm_actor_move_to                 vm_actor
     00000002  b_vm_actor_replace_tile            vm_actor
     00000002  b_vm_actor_set_anim                vm_actor
     00000002  b_vm_actor_set_anim_frame          vm_actor
     00000002  b_vm_actor_set_anim_set            vm_actor
     00000002  b_vm_actor_set_anim_tick           vm_actor
     00000002  b_vm_actor_set_bounds              vm_actor
     00000002  b_vm_actor_set_dir                 vm_actor
     00000002  b_vm_actor_set_flags               vm_actor
     00000002  b_vm_actor_set_move_speed          vm_actor
     00000002  b_vm_actor_set_pos                 vm_actor
     00000002  b_vm_actor_set_spritesheet         vm_actor
     00000002  b_vm_actor_set_spritesheet_by_re   vm_actor
     00000002  b_vm_actor_terminate_update        vm_actor
     00000002  l__HEADER5                      
     00000002  l__HEADERc                      
     00000002  l__HEADERf                      
     00000003  ___bank_VM_MAIN                    vm
     00000003  ___bank_bg_house_0                 bg_house_0
     00000003  ___bank_bg_house_wide_tileset      bg_house_wide_tileset
     00000003  b_do_load_palette                  data_manager
     00000003  b_erase_flash                      
     00000003  b_load_background                  data_manager
     00000003  b_load_bkg_tileset                 data_manager
     00000003  b_load_bounds                      data_manager
     00000003  b_load_emote                       data_manager
     00000003  b_load_init                        data_manager
     00000003  b_load_player                      data_manager
     00000003  b_load_scene                       data_manager
     00000003  b_load_sprite                      data_manager
     00000003  b_platform_init                    platform
     00000003  b_platform_update                  platform
     00000003  b_projectile_launch                projectiles
     00000003  b_projectiles_init                 projectiles
     00000003  b_save_sram_banks                  
     00000003  b_script_detach_hthread            vm
     00000003  b_script_execute                   vm
     00000003  b_script_runner_init               vm
     00000003  b_script_terminate                 vm
     00000003  b_vm_call                          vm
     00000003  b_vm_call_far                      vm
     00000003  b_vm_get_indirect                  vm
     00000003  b_vm_get_int16                     vm
     00000003  b_vm_get_int8                      vm
     00000003  b_vm_get_tlocal                    vm
     00000003  b_vm_get_uint8                     vm
ASxxxx Linker V03.00 + NoICE + sdld,  page 4.
Hexadecimal  [32-Bits]

Area                                    Addr        Size        Decimal Bytes (Attributes)
--------------------------------        ----        ----        ------- ----- ------------
.  .ABS.                            00000000    00000000 =           0. bytes (ABS,CON)

      Value  Global                              Global Defined In Module
      -----  --------------------------------   ------------------------
     00000003  b_vm_idle                          vm
     00000003  b_vm_if                            vm
     00000003  b_vm_if_const                      vm
     00000003  b_vm_init_rng                      vm
     00000003  b_vm_invoke                        vm
     00000003  b_vm_join                          vm
     00000003  b_vm_jump                          vm
     00000003  b_vm_lock                          vm
     00000003  b_vm_loop                          vm
     00000003  b_vm_memcpy                        vm
     00000003  b_vm_memset                        vm
     00000003  b_vm_poll_loaded                   vm
     00000003  b_vm_pop                           vm
     00000003  b_vm_push                          vm
     00000003  b_vm_push_reference                vm
     00000003  b_vm_push_value                    vm
     00000003  b_vm_push_value_ind                vm
     00000003  b_vm_raise                         vm
     00000003  b_vm_rand                          vm
     00000003  b_vm_reserve                       vm
     00000003  b_vm_ret                           vm
     00000003  b_vm_ret_far                       vm
     00000003  b_vm_set                           vm
     00000003  b_vm_set_const                     vm
     00000003  b_vm_set_const_int16               vm
     00000003  b_vm_set_const_int8                vm
     00000003  b_vm_set_indirect                  vm
     00000003  b_vm_set_int16                     vm
     00000003  b_vm_set_int8                      vm
     00000003  b_vm_set_uint8                     vm
     00000003  b_vm_terminate                     vm
     00000003  b_vm_test_terminate                vm
     00000003  b_vm_unlock                        vm
     00000003  b_wait_frames                      vm
     00000003  l__HEADER8                      
     00000003  l__HEADER_LCD0                  
     00000003  l__HRAM12                       
     00000004  ___bank_VM_UI                      vm_ui
     00000004  ___bank_bg_house_0_tileset         bg_house_0_tileset
     00000004  ___bank_bg_house_tilemap_attr      bg_house_tilemap_attr
     00000004  ___bank_bg_placeholder_copy_tile   bg_placeholder_copy_tileset
     00000004  __start_save                    
     00000004  b_adventure_init                   adventure
     00000004  b_adventure_update                 adventure
     00000004  b_core_reset                       core
     00000004  b_core_run                         core
     00000004  b_scroll_init                      scroll
     00000004  b_scroll_repaint                   scroll
     00000004  b_scroll_reset                     scroll
     00000004  b_scroll_update                    scroll
     00000004  b_shmup_init                       shmup
ASxxxx Linker V03.00 + NoICE + sdld,  page 5.
Hexadecimal  [32-Bits]

Area                                    Addr        Size        Decimal Bytes (Attributes)
--------------------------------        ----        ----        ------- ----- ------------
.  .ABS.                            00000000    00000000 =           0. bytes (ABS,CON)

      Value  Global                              Global Defined In Module
      -----  --------------------------------   ------------------------
     00000004  b_shmup_update                     shmup
     00000004  b_topdown_init                     topdown
     00000004  b_topdown_update                   topdown
     00000004  b_vm_choice                        vm_ui
     00000004  b_vm_display_text                  vm_ui
     00000004  b_vm_overlay_clear                 vm_ui
     00000004  b_vm_overlay_move_to               vm_ui
     00000004  b_vm_overlay_scroll                vm_ui
     00000004  b_vm_overlay_set_map               vm_ui
     00000004  b_vm_overlay_set_scroll            vm_ui
     00000004  b_vm_overlay_set_submap            vm_ui
     00000004  b_vm_overlay_set_submap_ex         vm_ui
     00000004  b_vm_overlay_setpos                vm_ui
     00000004  b_vm_overlay_show                  vm_ui
     00000004  b_vm_overlay_wait                  vm_ui
     00000004  b_vm_set_font                      vm_ui
     00000004  b_vm_set_text_sound                vm_ui
     00000004  b_vm_switch_text_layer             vm_ui
     00000004  l__CRASH_HEADER1                
     00000004  l__HEADER_SIO0                  
     00000004  l__HEADER_TIMER0                
     00000005  ___bank_VM_GAMEBOY                 vm_gameboy
     00000005  ___bank_VM_SIO                     vm_sio
     00000005  ___bank_bg_house_tileset           bg_house_tileset
     00000005  ___bank_bg_logo_tileset            bg_logo_tileset
     00000005  ___bank_bg_placeholder_copy_tile   bg_placeholder_copy_tilemap
     00000005  ___bank_bg_placeholder_copy_tile   bg_placeholder_copy_tilemap_
     00000005  ___bank_scene_3_collisions         scene_3_collisions
     00000005  ___bank_song_song_b_Data           song_song_b_Data
     00000005  ___bank_sprite_actor               sprite_actor
     00000005  ___bank_sprite_car01_tileset       sprite_car01_tileset
     00000005  b___HandleCrash_banked             
     00000005  b_data_clear                       load_save
     00000005  b_data_init                        load_save
     00000005  b_data_load                        load_save
     00000005  b_data_peek                        load_save
     00000005  b_data_save                        load_save
     00000005  b_gbprinter_detect                 gbprinter
     00000005  b_gbprinter_print_overlay          gbprinter
     00000005  b_trigger_activate_at              trigger
     00000005  b_trigger_activate_at_intersecti   trigger
     00000005  b_trigger_at_intersection          trigger
     00000005  b_trigger_at_tile                  trigger
     00000005  b_trigger_interact                 trigger
     00000005  b_trigger_reset                    trigger
     00000005  b_vm_context_prepare               vm_gameboy
     00000005  b_vm_fade                          vm_gameboy
     00000005  b_vm_get_tile_xy                   vm_gameboy
     00000005  b_vm_input_attach                  vm_gameboy
     00000005  b_vm_input_detach                  vm_gameboy
     00000005  b_vm_input_get                     vm_gameboy
ASxxxx Linker V03.00 + NoICE + sdld,  page 6.
Hexadecimal  [32-Bits]

Area                                    Addr        Size        Decimal Bytes (Attributes)
--------------------------------        ----        ----        ------- ----- ------------
.  .ABS.                            00000000    00000000 =           0. bytes (ABS,CON)

      Value  Global                              Global Defined In Module
      -----  --------------------------------   ------------------------
     00000005  b_vm_input_wait                    vm_gameboy
     00000005  b_vm_load_tiles                    vm_gameboy
     00000005  b_vm_load_tileset                  vm_gameboy
     00000005  b_vm_poll                          vm_gameboy
     00000005  b_vm_replace_tile                  vm_gameboy
     00000005  b_vm_replace_tile_xy               vm_gameboy
     00000005  b_vm_rumble                        vm_gameboy
     00000005  b_vm_set_sprite_mode               vm_gameboy
     00000005  b_vm_set_sprites_visible           vm_gameboy
     00000005  b_vm_sio_exchange                  vm_sio
     00000005  b_vm_sio_set_mode                  vm_sio
     00000005  b_vm_timer_prepare                 vm_gameboy
     00000005  b_vm_timer_reset                   vm_gameboy
     00000005  b_vm_timer_set                     vm_gameboy
     00000005  b_vm_timer_stop                    vm_gameboy
     00000005  l__CRASH_HEADER0                
     00000005  l__HEADER1                      
     00000006  ___bank_VM_CAMERA                  vm_camera
     00000006  ___bank_VM_GBPRINTER               vm_gbprinter
     00000006  ___bank_VM_LOAD_SAVE               vm_load_save
     00000006  ___bank_VM_MATH                    vm_math
     00000006  ___bank_VM_MUSIC                   vm_music
     00000006  ___bank_VM_PALETTE                 vm_palette
     00000006  ___bank_VM_PROJECTILE              vm_projectiles
     00000006  ___bank_VM_RTC                     vm_rtc
     00000006  ___bank_VM_SCENE                   vm_scene
     00000006  ___bank_actor_3_interact           actor_3_interact
     00000006  ___bank_actor_4_interact           actor_4_interact
     00000006  ___bank_actor_5_interact           actor_5_interact
     00000006  ___bank_actor_7_interact           actor_7_interact
     00000006  ___bank_actor_8_interact           actor_8_interact
     00000006  ___bank_bg_house_0_tilemap         bg_house_0_tilemap
     00000006  ___bank_bg_house_0_tilemap_attr    bg_house_0_tilemap_attr
     00000006  ___bank_bg_house_tilemap           bg_house_tilemap
     00000006  ___bank_bg_house_wide_tilemap      bg_house_wide_tilemap
     00000006  ___bank_bg_logo_tilemap            bg_logo_tilemap
     00000006  ___bank_bg_titlescreen_tilemap     bg_titlescreen_tilemap
     00000006  ___bank_frame_image                frame_image
     00000006  ___bank_palette_0                  palette_0
     00000006  ___bank_palette_1                  palette_1
     00000006  ___bank_palette_2                  palette_2
     00000006  ___bank_scene_0                    scene_0
     00000006  ___bank_scene_0_collisions         scene_0_collisions
     00000006  ___bank_scene_0_init               scene_0_init
     00000006  ___bank_scene_2                    scene_2
     00000006  ___bank_scene_2_collisions         scene_2_collisions
     00000006  ___bank_scene_2_init               scene_2_init
     00000006  ___bank_scene_3                    scene_3
     00000006  ___bank_scene_3_actors             scene_3_actors
     00000006  ___bank_scene_3_init               scene_3_init
     00000006  ___bank_scene_4                    scene_4
ASxxxx Linker V03.00 + NoICE + sdld,  page 7.
Hexadecimal  [32-Bits]

Area                                    Addr        Size        Decimal Bytes (Attributes)
--------------------------------        ----        ----        ------- ----- ------------
.  .ABS.                            00000000    00000000 =           0. bytes (ABS,CON)

      Value  Global                              Global Defined In Module
      -----  --------------------------------   ------------------------
     00000006  ___bank_scene_4_collisions         scene_4_collisions
     00000006  ___bank_scene_5                    scene_5
     00000006  ___bank_scene_5_actors             scene_5_actors
     00000006  ___bank_scene_5_collisions         scene_5_collisions
     00000006  ___bank_scene_6                    scene_6
     00000006  ___bank_scene_6_actors             scene_6_actors
     00000006  ___bank_scene_6_collisions         scene_6_collisions
     00000006  ___bank_scene_6_init               scene_6_init
     00000006  ___bank_script_engine_init         
     00000006  ___bank_sprite_actor_animated_ti   sprite_actor_animated_tilese
     00000006  ___bank_sprite_actor_tileset       sprite_actor_tileset
     00000006  ___bank_sprite_car01               sprite_car01
     00000006  ___bank_sprite_car02               sprite_car02
     00000006  ___bank_sprite_car02_tileset       sprite_car02_tileset
     00000006  ___bank_sprite_car04               sprite_car04
     00000006  ___bank_sprite_car04_tileset       sprite_car04_tileset
     00000006  ___bank_sprite_juan                sprite_juan
     00000006  ___bank_sprite_juan_tileset        sprite_juan_tileset
     00000006  ___bank_sprite_matthew             sprite_matthew
     00000006  ___bank_sprite_matthew_tileset     sprite_matthew_tileset
     00000006  ___bank_sprite_player              sprite_player
     00000006  ___bank_sprite_player_tileset      sprite_player_tileset
     00000006  ___bank_sprite_seth                sprite_seth
     00000006  ___bank_sprite_seth_tileset        sprite_seth_tileset
     00000006  ___bank_sprite_static              sprite_static
     00000006  ___bank_sprite_static_tileset      sprite_static_tileset
     00000006  ___bank_trigger_0_interact         trigger_0_interact
     00000006  ___bank_trigger_1_interact         trigger_1_interact
     00000006  ___bank_trigger_2_interact         trigger_2_interact
     00000006  ___bank_trigger_3_interact         trigger_3_interact
     00000006  ___bank_trigger_4_interact         trigger_4_interact
     00000006  ___bank_trigger_5_interact         trigger_5_interact
     00000006  ___bank_trigger_6_interact         trigger_6_interact
     00000006  ___bank_trigger_7_interact         trigger_7_interact
     00000006  ___bank_trigger_8_interact         trigger_8_interact
     00000006  ___bank_trigger_9_interact         trigger_9_interact
     00000006  b_CGBZeroPalette                   palette
     00000006  b_SGBTransferPalettes              palette
     00000006  b_SIO_init                         sio
     00000006  b_camera_init                      camera
     00000006  b_camera_reset                     camera
     00000006  b_camera_shake_frames              vm_camera
     00000006  b_events_init                      events
     00000006  b_fade_applypalettechange          fade_manager
     00000006  b_fade_in                          fade_manager
     00000006  b_fade_in_modal                    fade_manager
     00000006  b_fade_init                        fade_manager
     00000006  b_fade_out                         fade_manager
     00000006  b_fade_out_modal                   fade_manager
     00000006  b_fade_setspeed                    fade_manager
     00000006  b_fade_update                      fade_manager
ASxxxx Linker V03.00 + NoICE + sdld,  page 8.
Hexadecimal  [32-Bits]

Area                                    Addr        Size        Decimal Bytes (Attributes)
--------------------------------        ----        ----        ------- ----- ------------
.  .ABS.                            00000000    00000000 =           0. bytes (ABS,CON)

      Value  Global                              Global Defined In Module
      -----  --------------------------------   ------------------------
     00000006  b_input_init                       input
     00000006  b_itoa_fmt                         vm_ui_a
     00000006  b_music_events_poll                music_manager
     00000006  b_music_init_driver                music_manager
     00000006  b_music_init_events                music_manager
     00000006  b_palette_init                     palette
     00000006  b_parallax_init                    parallax
     00000006  b_pointnclick_init                 pointnclick
     00000006  b_pointnclick_update               pointnclick
     00000006  b_restore_sram                     flasher
     00000006  b_restore_sram_bank                flasher
     00000006  b_save_sram                        flasher
     00000006  b_scroll_rect                      
     00000006  b_set_sgb_border                   sgb_border
     00000006  b_timers_init                      events
     00000006  b_vm_camera_move_to                vm_camera
     00000006  b_vm_camera_set_pos                vm_camera
     00000006  b_vm_cos_scale                     vm_math
     00000006  b_vm_load_palette                  vm_palette
     00000006  b_vm_music_mute                    vm_music
     00000006  b_vm_music_play                    vm_music
     00000006  b_vm_music_routine                 vm_music
     00000006  b_vm_music_setpos                  vm_music
     00000006  b_vm_music_stop                    vm_music
     00000006  b_vm_print_detect                  vm_gbprinter
     00000006  b_vm_print_overlay                 vm_gbprinter
     00000006  b_vm_projectile_launch             vm_projectiles
     00000006  b_vm_projectile_load_type          vm_projectiles
     00000006  b_vm_rtc_get                       vm_rtc
     00000006  b_vm_rtc_latch                     vm_rtc
     00000006  b_vm_rtc_set                       vm_rtc
     00000006  b_vm_rtc_start                     vm_rtc
     00000006  b_vm_save_clear                    vm_load_save
     00000006  b_vm_save_peek                     vm_load_save
     00000006  b_vm_scene_pop                     vm_scene
     00000006  b_vm_scene_pop_all                 vm_scene
     00000006  b_vm_scene_push                    vm_scene
     00000006  b_vm_scene_stack_reset             vm_scene
     00000006  b_vm_sfx_play                      vm_music
     00000006  b_vm_sin_scale                     vm_math
     00000006  b_vm_sound_mastervol               vm_music
     00000006  l__HEADER7                      
     00000007  ___bank_actor_6_interact           actor_6_interact
     00000007  ___bank_bg_house                   bg_house
     00000007  ___bank_bg_house_wide              bg_house_wide
     00000007  ___bank_bg_logo                    bg_logo
     00000007  ___bank_bg_placeholder_copy        bg_placeholder_copy
     00000007  ___bank_bg_titlescreen             bg_titlescreen
     00000007  ___bank_bootstrap_script           
     00000007  ___bank_cursor_image               cursor_image
     00000007  ___bank_scene_3_sprites            scene_3_sprites
ASxxxx Linker V03.00 + NoICE + sdld,  page 9.
Hexadecimal  [32-Bits]

Area                                    Addr        Size        Decimal Bytes (Attributes)
--------------------------------        ----        ----        ------- ----- ------------
.  .ABS.                            00000000    00000000 =           0. bytes (ABS,CON)

      Value  Global                              Global Defined In Module
      -----  --------------------------------   ------------------------
     00000007  ___bank_scene_4_init               scene_4_init
     00000007  ___bank_scene_4_triggers           scene_4_triggers
     00000007  ___bank_scene_5_init               scene_5_init
     00000007  ___bank_scene_5_triggers           scene_5_triggers
     00000007  ___bank_scene_6_sprites            scene_6_sprites
     00000007  ___bank_scene_6_triggers           scene_6_triggers
     00000007  ___bank_spritesheet_none           spritesheet_none
     00000007  b_logo_init                        logo
     00000007  b_logo_update                      logo
     00000007  b_remove_LCD_ISRs                  interrupts
     00000007  l__HEADER2                      
     00000008  l__HEADER3                      
     00000011  l__EHL_TRAMPOLINE0              
     00000019  l__INITIALIZED                  
     00000019  l__INITIALIZER                  
     0000002D  l__GSINIT                       
     00000030  l__HEADER6                      
     0000004E  l__HEADER4                      
     00000080  ___size_SGB_border_pal             border
     00000082  l__HEADER10                     
     00000145  l__CODE_7                       
     000001CB  l__CRASH_SCRATCH2               
     00000200  s__CODE                         
     00000700  ___size_SGB_border_map             border
     000007A4  l__CODE                         
     000009A4  s__HOME                         
     00001280  ___size_SGB_border_chr             border
     0000197C  l__DATA                         
     00002000  _rROMB0                            
     00002CDC  l__HOME                         
     00003000  _rROMB1                            
     00003680  s__BASE                         
     00003680  s__CODE_0                       
     00003680  s__INITIALIZER                  
     00003680  s__LIT                          
     00003699  s__GSINIT                       
     000036C6  s__GSFINAL                      
     00003FF3  l__CODE_1                       
     00003FFB  l__CODE_5                       
     00003FFE  l__CODE_6                       
     00003FFF  l__CODE_3                       
     00003FFF  l__CODE_4                       
     00004000  _RTC_SELECT_REG                    vm_rtc
     00004000  _rRAMB                             
     00004000  l__CODE_2                       
     00006000  _RTC_LATCH_REG                     vm_rtc
     00008000  __VRAM                             
     00008000  __VRAM8000                         
     00008800  __VRAM8800                         
     00009000  __VRAM9000                         
     00009800  __SCRN0                            
ASxxxx Linker V03.00 + NoICE + sdld,  page 10.
Hexadecimal  [32-Bits]

Area                                    Addr        Size        Decimal Bytes (Attributes)
--------------------------------        ----        ----        ------- ----- ------------
.  .ABS.                            00000000    00000000 =           0. bytes (ABS,CON)

      Value  Global                              Global Defined In Module
      -----  --------------------------------   ------------------------
     00009C00  __SCRN1                            
     0000A000  _RTC_VALUE_REG                     vm_rtc
     0000A000  __SRAM                             
     0000C000  __RAM                              
     0000C000  _shadow_OAM                     
     0000C0A0  s__DATA                         
     0000D000  __RAMBANK                          
     0000DA1C  s__BSS                          
     0000DA1C  s__INITIALIZED                  
     0000DA35  s__HEAP                         
     0000DF00  .STACK                          
     0000DF00  _shadow_OAM2                       absolute
     0000DFA0  _BkgPalette                        absolute
     0000DFE0  _vwf_tile_data                     absolute
     0000FE00  __OAMRAM                           
     0000FF00  _P1_REG                            
     0000FF00  __IO                               
     0000FF01  _SB_REG                            
     0000FF02  _SC_REG                            
     0000FF04  _DIV_REG                           
     0000FF05  _TIMA_REG                          
     0000FF06  _TMA_REG                           
     0000FF07  _TAC_REG                           
     0000FF0F  _IF_REG                            
     0000FF10  _NR10_REG                          
     0000FF11  _NR11_REG                          
     0000FF12  _NR12_REG                          
     0000FF13  _NR13_REG                          
     0000FF14  _NR14_REG                          
     0000FF16  _NR21_REG                          
     0000FF17  _NR22_REG                          
     0000FF18  _NR23_REG                          
     0000FF19  _NR24_REG                          
     0000FF1A  _NR30_REG                          
     0000FF1B  _NR31_REG                          
     0000FF1C  _NR32_REG                          
     0000FF1D  _NR33_REG                          
     0000FF1E  _NR34_REG                          
     0000FF20  _NR41_REG                          
     0000FF21  _NR42_REG                          
     0000FF22  _NR43_REG                          
     0000FF23  _NR44_REG                          
     0000FF24  _NR50_REG                          
     0000FF25  _NR51_REG                          
     0000FF26  _NR52_REG                          
     0000FF30  _AUD3WAVE                          
     0000FF30  _PCM_SAMPLE                        
     0000FF30  __AUD3WAVERAM                      
     0000FF40  _LCDC_REG                          
     0000FF41  _STAT_REG                          
     0000FF42  _SCY_REG                           
ASxxxx Linker V03.00 + NoICE + sdld,  page 11.
Hexadecimal  [32-Bits]

Area                                    Addr        Size        Decimal Bytes (Attributes)
--------------------------------        ----        ----        ------- ----- ------------
.  .ABS.                            00000000    00000000 =           0. bytes (ABS,CON)

      Value  Global                              Global Defined In Module
      -----  --------------------------------   ------------------------
     0000FF43  _SCX_REG                           
     0000FF44  _LY_REG                            
     0000FF45  _LYC_REG                           
     0000FF46  _DMA_REG                           
     0000FF47  _BGP_REG                           
     0000FF48  _OBP0_REG                          
     0000FF49  _OBP1_REG                          
     0000FF4A  _WY_REG                            
     0000FF4B  _WX_REG                            
     0000FF4D  _KEY1_REG                          
     0000FF4F  _VBK_REG                           
     0000FF51  _HDMA1_REG                         
     0000FF52  _HDMA2_REG                         
     0000FF53  _HDMA3_REG                         
     0000FF54  _HDMA4_REG                         
     0000FF55  _HDMA5_REG                         
     0000FF56  _RP_REG                            
     0000FF68  _BCPS_REG                          
     0000FF69  _BCPD_REG                          
     0000FF6A  _OCPS_REG                          
     0000FF6B  _OCPD_REG                          
     0000FF70  _SVBK_REG                          
     0000FF76  _PCM12_REG                         
     0000FF77  _PCM34_REG                         
     0000FF80  .refresh_OAM                    
     0000FF80  __HRAM                             
     0000FFFF  _IE_REG                            
     00014000  s__CODE_1                       
     00024000  s__CODE_2                       
     00034000  s__CODE_3                       
     00044000  s__CODE_4                       
     00054000  s__CODE_5                       
     00064000  s__CODE_6                       
     00074000  s__CODE_7                       
ASxxxx Linker V03.00 + NoICE + sdld,  page 12.
Hexadecimal  [32-Bits]

Area                                    Addr        Size        Decimal Bytes (Attributes)
--------------------------------        ----        ----        ------- ----- ------------
_CODE                               00000200    000007A4 =        1956. bytes (REL,CON)

      Value  Global                              Global Defined In Module
      -----  --------------------------------   ------------------------
     00000200  ___HandleCrash                     
     0000020A  _SIO_send_byte                     
     0000021D  _SIO_receive                       
     0000022E  _SetTile                           
     0000023D  _set_win_tile_xy                   
     00000242  _set_bkg_tile_xy                   
     00000265  _GetWinAddr                        
     0000026D  _GetBkgAddr                        
     0000027B  _state_init                        
     00000280  _state_update                      
     000002A2  _ui_time_masks                     
     000002AA  _ui_print_shift_char               
     0000032D  _ui_draw_frame_row                 
     00000336  .ui_draw_frame_row                 
     0000035F  _script_cmds                       vm_instructions
     00000593  _save_signature                    game_signature
     00000597  _start_scene_x                     
     00000599  _start_scene_y                     
     0000059B  _start_scene_dir                   
     0000059C  _start_scene                       
     0000059F  _start_player_move_speed           
     000005A0  _start_player_anim_tick            
     000005A1  _ui_fonts                          
     000005A4  _core_reset_hook                   main
     000005AC  _main                              main
     000005B4  _state_start_fns                   
     000005C6  _state_update_fns                  
     000005D8  _get_vram_byte                     
     000005E5  _get_win_tile_xy                   
     000005ED  _get_bkg_tile_xy                   
     00000614  _set_sprite_palette                CGB
     00000619  _set_bkg_palette                   CGB
     0000061C  .set_palette                       CGB
     0000063B  _set_sprite_palette_entry          CGB
     00000640  _set_bkg_palette_entry             CGB
     00000643  .set_palette_entry                 CGB
     0000067C  gbt_get_pattern_ptr_banked         
     0000069B  _gbt_play                          
     00000756  _gbt_pause                         
     00000767  _gbt_loop                          
     0000076E  _gbt_stop                          
     00000779  _gbt_enable_channels               
     00000780  _gbt_update                        
     00000885  _hide_sprites_range                Metasprites
     000008B5  .sgb_check                         
     000008B5  _sgb_check                         
     000008FD  _sgb_transfer                      
     00000902  .sgb_transfer                      
     00000943  ___move_metasprite                 Metasprites
     00000982  _cpu_slow                          CGB
ASxxxx Linker V03.00 + NoICE + sdld,  page 13.
Hexadecimal  [32-Bits]

Area                                    Addr        Size        Decimal Bytes (Attributes)
--------------------------------        ----        ----        ------- ----- ------------
_CODE                               00000200    000007A4 =        1956. bytes (REL,CON)

      Value  Global                              Global Defined In Module
      -----  --------------------------------   ------------------------
     0000099D  _cpu_fast                          CGB
ASxxxx Linker V03.00 + NoICE + sdld,  page 14.
Hexadecimal  [32-Bits]

Area                                    Addr        Size        Decimal Bytes (Attributes)
--------------------------------        ----        ----        ------- ----- ------------
_HEADER0                            00000000    00000001 =           1. bytes (ABS,CON)

      Value  Global                              Global Defined In Module
      -----  --------------------------------   ------------------------
     00000020  .call_hl                           Runtime

ASxxxx Linker V03.00 + NoICE + sdld,  page 15.
Hexadecimal  [32-Bits]

Area                                    Addr        Size        Decimal Bytes (Attributes)
--------------------------------        ----        ----        ------- ----- ------------
_HEADER1                            00000000    00000005 =           5. bytes (ABS,CON)

      Value  Global                              Global Defined In Module
      -----  --------------------------------   ------------------------
     00000028  .MemsetSmall                       Runtime

ASxxxx Linker V03.00 + NoICE + sdld,  page 16.
Hexadecimal  [32-Bits]

Area                                    Addr        Size        Decimal Bytes (Attributes)
--------------------------------        ----        ----        ------- ----- ------------
_HEADER2                            00000000    00000007 =           7. bytes (ABS,CON)

      Value  Global                              Global Defined In Module
      -----  --------------------------------   ------------------------
     00000030  .MemcpySmall                       Runtime

ASxxxx Linker V03.00 + NoICE + sdld,  page 17.
Hexadecimal  [32-Bits]

Area                                    Addr        Size        Decimal Bytes (Attributes)
--------------------------------        ----        ----        ------- ----- ------------
_HEADER3                            00000000    00000008 =           8. bytes (ABS,CON)

      Value  Global                              Global Defined In Module
      -----  --------------------------------   ------------------------
ASxxxx Linker V03.00 + NoICE + sdld,  page 18.
Hexadecimal  [32-Bits]

Area                                    Addr        Size        Decimal Bytes (Attributes)
--------------------------------        ----        ----        ------- ----- ------------
_HEADER4                            00000000    0000004E =          78. bytes (ABS,CON)

      Value  Global                              Global Defined In Module
      -----  --------------------------------   ------------------------
     00000080  .int                               Runtime
     0000008F  _wait_int_handler                  Runtime
     0000009C  __standard_VBL_handler             Runtime
     000000AC  _refresh_OAM                       Runtime

ASxxxx Linker V03.00 + NoICE + sdld,  page 19.
Hexadecimal  [32-Bits]

Area                                    Addr        Size        Decimal Bytes (Attributes)
--------------------------------        ----        ----        ------- ----- ------------
_HEADER5                            00000000    00000002 =           2. bytes (ABS,CON)

      Value  Global                              Global Defined In Module
      -----  --------------------------------   ------------------------
ASxxxx Linker V03.00 + NoICE + sdld,  page 20.
Hexadecimal  [32-Bits]

Area                                    Addr        Size        Decimal Bytes (Attributes)
--------------------------------        ----        ----        ------- ----- ------------
_HEADER6                            00000000    00000030 =          48. bytes (ABS,CON)

      Value  Global                              Global Defined In Module
      -----  --------------------------------   ------------------------
ASxxxx Linker V03.00 + NoICE + sdld,  page 21.
Hexadecimal  [32-Bits]

Area                                    Addr        Size        Decimal Bytes (Attributes)
--------------------------------        ----        ----        ------- ----- ------------
_HEADER7                            00000000    00000006 =           6. bytes (ABS,CON)

      Value  Global                              Global Defined In Module
      -----  --------------------------------   ------------------------
ASxxxx Linker V03.00 + NoICE + sdld,  page 22.
Hexadecimal  [32-Bits]

Area                                    Addr        Size        Decimal Bytes (Attributes)
--------------------------------        ----        ----        ------- ----- ------------
_HEADER8                            00000000    00000003 =           3. bytes (ABS,CON)

      Value  Global                              Global Defined In Module
      -----  --------------------------------   ------------------------
ASxxxx Linker V03.00 + NoICE + sdld,  page 23.
Hexadecimal  [32-Bits]

Area                                    Addr        Size        Decimal Bytes (Attributes)
--------------------------------        ----        ----        ------- ----- ------------
_HEADER9                            00000000    00000001 =           1. bytes (ABS,CON)

      Value  Global                              Global Defined In Module
      -----  --------------------------------   ------------------------
ASxxxx Linker V03.00 + NoICE + sdld,  page 24.
Hexadecimal  [32-Bits]

Area                                    Addr        Size        Decimal Bytes (Attributes)
--------------------------------        ----        ----        ------- ----- ------------
_HEADERa                            00000000    00000001 =           1. bytes (ABS,CON)

      Value  Global                              Global Defined In Module
      -----  --------------------------------   ------------------------
ASxxxx Linker V03.00 + NoICE + sdld,  page 25.
Hexadecimal  [32-Bits]

Area                                    Addr        Size        Decimal Bytes (Attributes)
--------------------------------        ----        ----        ------- ----- ------------
_HEADERb                            00000000    00000001 =           1. bytes (ABS,CON)

      Value  Global                              Global Defined In Module
      -----  --------------------------------   ------------------------
ASxxxx Linker V03.00 + NoICE + sdld,  page 26.
Hexadecimal  [32-Bits]

Area                                    Addr        Size        Decimal Bytes (Attributes)
--------------------------------        ----        ----        ------- ----- ------------
_HEADERc                            00000000    00000002 =           2. bytes (ABS,CON)

      Value  Global                              Global Defined In Module
      -----  --------------------------------   ------------------------
ASxxxx Linker V03.00 + NoICE + sdld,  page 27.
Hexadecimal  [32-Bits]

Area                                    Addr        Size        Decimal Bytes (Attributes)
--------------------------------        ----        ----        ------- ----- ------------
_HEADERd                            00000000    00000001 =           1. bytes (ABS,CON)

      Value  Global                              Global Defined In Module
      -----  --------------------------------   ------------------------
ASxxxx Linker V03.00 + NoICE + sdld,  page 28.
Hexadecimal  [32-Bits]

Area                                    Addr        Size        Decimal Bytes (Attributes)
--------------------------------        ----        ----        ------- ----- ------------
_HEADERe                            00000000    00000001 =           1. bytes (ABS,CON)

      Value  Global                              Global Defined In Module
      -----  --------------------------------   ------------------------
ASxxxx Linker V03.00 + NoICE + sdld,  page 29.
Hexadecimal  [32-Bits]

Area                                    Addr        Size        Decimal Bytes (Attributes)
--------------------------------        ----        ----        ------- ----- ------------
_HEADERf                            00000000    00000002 =           2. bytes (ABS,CON)

      Value  Global                              Global Defined In Module
      -----  --------------------------------   ------------------------
ASxxxx Linker V03.00 + NoICE + sdld,  page 30.
Hexadecimal  [32-Bits]

Area                                    Addr        Size        Decimal Bytes (Attributes)
--------------------------------        ----        ----        ------- ----- ------------
_HEADER10                           00000000    00000082 =         130. bytes (ABS,CON)

      Value  Global                              Global Defined In Module
      -----  --------------------------------   ------------------------
     00000150  .reset                             Runtime
     00000150  _reset                             Runtime
     00000157  .code_start                        Runtime
     000001B7  _exit                              Runtime
     000001BB  _set_interrupts                    Runtime

ASxxxx Linker V03.00 + NoICE + sdld,  page 31.
Hexadecimal  [32-Bits]

Area                                    Addr        Size        Decimal Bytes (Attributes)
--------------------------------        ----        ----        ------- ----- ------------
_HEADER11                           00000000    00000001 =           1. bytes (ABS,CON)

      Value  Global                              Global Defined In Module
      -----  --------------------------------   ------------------------
ASxxxx Linker V03.00 + NoICE + sdld,  page 32.
Hexadecimal  [32-Bits]

Area                                    Addr        Size        Decimal Bytes (Attributes)
--------------------------------        ----        ----        ------- ----- ------------
_HOME                               000009A4    00002CDC =       11484. bytes (REL,CON)

      Value  Global                              Global Defined In Module
      -----  --------------------------------   ------------------------
     000009A4  .memset_simple                     Runtime
     000009AD  .memcpy_simple                     Runtime
     000009CA  .remove_VBL                        Runtime
     000009CD  .remove_int                        Runtime
     000009EA  .add_VBL                           Runtime
     000009ED  .add_int                           Runtime
     000009F8  .wait_vbl_done                     Runtime
     000009F8  _wait_vbl_done                     Runtime
     00000A08  .display_off                       Runtime
     00000A08  _display_off                       Runtime
     00000A20  _remove_VBL                        Runtime
     00000A2B  _add_VBL                           Runtime
     00000A36  _actors_update                     actor
     00000E3F  _SetBankedBkgData                  bankdata
     00000E5B  _SetBankedSpriteData               bankdata
     00000E77  _SetBankedBkgTiles                 bankdata
     00000E93  _SetBankedWinTiles                 bankdata
     00000EAF  _ReadBankedFarPtr                  bankdata
     00000ED6  _ReadBankedUWORD                   bankdata
     00000EF2  _MemcpyBanked                      bankdata
     00000F0E  _MemcpyVRAMBanked                  bankdata
     00000F2A  _IndexOfFarPtr                     bankdata
     00000FC0  _camera_update                     camera
     000010F3  _load_animations                   data_manager
     00001152  _events_update                     events
     00001224  _timers_update                     events
     000012AC  _input_update                      input
     000012DE  .sio_ISR                           
     00001338  .timer_ISR                         
     0000134D  _simple_LCD_isr                    interrupts
     000013C9  _fullscreen_LCD_isr                interrupts
     000013F5  _VBL_isr                           interrupts
     0000143F  _isqrt                             math
     00001495  _sine_wave                         math
     00001595  _dir_lookup                        math
     0000159D  _dir_angle_lookup                  math
     000015A1  _music_events_update               music_manager
     00001623  _music_play_isr                    music_manager
     000016F2  _parallax_LCD_isr                  parallax
     0000172F  _projectiles_update                projectiles
     00001BCE  _projectiles_render                projectiles
     00001D41  _scroll_load_pending_row           scroll
     00001DCD  _scroll_load_row                   scroll
     00001E47  _scroll_load_col                   scroll
     00001EB2  _scroll_load_pending_col           scroll
     00001F43  _set_bkg_submap                    
     00001F86  _set_xy_win_submap                 
     00001FB3  .set_xy_win_submap                 
     00001FBC  .set_xy_bkg_submap                 
     00001FCB  .set_xy_submap                     
ASxxxx Linker V03.00 + NoICE + sdld,  page 33.
Hexadecimal  [32-Bits]

Area                                    Addr        Size        Decimal Bytes (Attributes)
--------------------------------        ----        ----        ------- ----- ------------
_HOME                               000009A4    00002CDC =       11484. bytes (REL,CON)

      Value  Global                              Global Defined In Module
      -----  --------------------------------   ------------------------
     00002011  _sfx_play_isr                      sfx_player
     000020E4  _on_SIO_receive                    sio
     00002125  _SIO_update                        sio
     0000218C  _ui_update                         ui
     000022BB  _vm_sgb_transfer                   vm_sgb
     00002309  _vm_load_text                      vm_ui
     0000255E  _vm_switch                         vm
     00002661  _vm_beginthread                    vm
     00002786  _vm_rpn                            vm
     00002EC8  _vm_get_far                        vm
     00002F32  _vm_call_native                    vm
     00002F45  _VM_STEP                           vm
     00002FB3  _script_runner_update              vm
     0000311E  _fill_win_rect                     
     00003130  _rand                              
     00003130  _randw                             
     0000315B  _initrand                          
     0000315D  .initrand                          
     00003166  _get_bkg_data                      
     00003166  _get_win_data                      
     000031B3  _get_sprite_data                   
     000031E3  __mulsuchar                        mul
     000031ED  __muluschar                        mul
     000031F7  __mulschar                         mul
     00003209  __muluchar                         mul
     00003215  __mulint                           mul
     0000323B  _abs                               abs
     0000324A  _set_win_tiles                     
     0000325E  _set_tile_data                     
     00003263  _set_bkg_data                      
     00003263  _set_win_data                      
     0000326B  _set_sprite_data                   
     0000329B  _reverse                           reverse
     000032CF  ___call__banked                    far_ptr
     000032EC  _to_far_ptr                        far_ptr
     00003325  _add_LCD                           
     00003330  .add_LCD                           
     00003336  _remove_LCD                        
     00003341  .remove_LCD                        
     00003347  .fill_rect_wtt                     
     00003350  .fill_rect_btt                     
     0000339D  _joypad_init                       
     000033EB  _joypad_ex                         
     000033F0  .joypad_ex                         
     0000343B  .copy_vram                         
     0000344F  _get_data                          
     0000344F  _set_data                          
     0000344F  _vmemcpy                           
     00003462  _fill_bkg_rect                     
     00003474  ___sdcc_call_hl                    call_hl
     00003475  ___memcpy                          memcpy
ASxxxx Linker V03.00 + NoICE + sdld,  page 34.
Hexadecimal  [32-Bits]

Area                                    Addr        Size        Decimal Bytes (Attributes)
--------------------------------        ----        ----        ------- ----- ------------
_HOME                               000009A4    00002CDC =       11484. bytes (REL,CON)

      Value  Global                              Global Defined In Module
      -----  --------------------------------   ------------------------
     00003475  _memcpy                            memcpy
     000034B8  _memset                            memset
     000034EB  .set_xy_wtt                        SetTileMap
     000034F4  .set_xy_btt                        SetTileMap
     00003503  .set_xy_tt                         SetTileMap
     00003545  __divsuchar                        div
     00003552  __modsuchar                        div
     0000355C  __divuschar                        div
     0000356E  __moduschar                        div
     0000357E  __divschar                         div
     0000358A  __modschar                         div
     00003594  __divsint                          div
     000035A5  __modsint                          div
     000035B4  __divuchar                         div
     000035C0  __moduchar                         div
     000035CA  __divuint                          div
     000035DB  __moduint                          div
     000035EA  .div8                              div
     000035EA  .mod8                              div
     000035F2  .div16                             div
     000035F2  .mod16                             div
     00003628  .divu8                             div
     00003628  .modu8                             div
     0000362B  .divu16                            div
     0000362B  .modu16                            div
     0000366C  _set_bkg_tiles                     

ASxxxx Linker V03.00 + NoICE + sdld,  page 35.
Hexadecimal  [32-Bits]

Area                                    Addr        Size        Decimal Bytes (Attributes)
--------------------------------        ----        ----        ------- ----- ------------
_INITIALIZER                        00003680    00000019 =          25. bytes (REL,CON)

      Value  Global                              Global Defined In Module
      -----  --------------------------------   ------------------------
ASxxxx Linker V03.00 + NoICE + sdld,  page 36.
Hexadecimal  [32-Bits]

Area                                    Addr        Size        Decimal Bytes (Attributes)
--------------------------------        ----        ----        ------- ----- ------------
_GSINIT                             00003699    0000002D =          45. bytes (REL,CON)

      Value  Global                              Global Defined In Module
      -----  --------------------------------   ------------------------
     00003699  gsinit                             Runtime

ASxxxx Linker V03.00 + NoICE + sdld,  page 37.
Hexadecimal  [32-Bits]

Area                                    Addr        Size        Decimal Bytes (Attributes)
--------------------------------        ----        ----        ------- ----- ------------
_GSFINAL                            000036C6    00000001 =           1. bytes (REL,CON)

      Value  Global                              Global Defined In Module
      -----  --------------------------------   ------------------------
ASxxxx Linker V03.00 + NoICE + sdld,  page 38.
Hexadecimal  [32-Bits]

Area                                    Addr        Size        Decimal Bytes (Attributes)
--------------------------------        ----        ----        ------- ----- ------------
_DATA                               0000C0A0    0000197C =        6524. bytes (REL,CON)

      Value  Global                              Global Defined In Module
      -----  --------------------------------   ------------------------
     0000C0A0  __cpu                              Runtime
     0000C0A1  __is_GBA                           Runtime
     0000C0A2  .mode                              Runtime
     0000C0A3  .sys_time                          Runtime
     0000C0A3  _sys_time                          Runtime
     0000C0A5  .int_0x40                          Runtime
     0000C0B9  _actors                            actor
     0000C4FD  _actors_active_head                actor
     0000C4FF  _actors_active_tail                actor
     0000C501  _actors_inactive_head              actor
     0000C503  _screen_x                          actor
     0000C504  _screen_y                          actor
     0000C505  _invalid                           actor
     0000C507  _player_moving                     actor
     0000C508  _player_iframes                    actor
     0000C509  _player_collision_actor            actor
     0000C50B  _emote_actor                       actor
     0000C50D  _emote_timer                       actor
     0000C50E  _allocated_hardware_sprites        actor
     0000C51A  _camera_x                          camera
     0000C51C  _camera_y                          camera
     0000C51E  _camera_offset_x                   camera
     0000C51F  _camera_offset_y                   camera
     0000C520  _camera_deadzone_x                 camera
     0000C521  _camera_deadzone_y                 camera
     0000C522  _camera_settings                   camera
     0000C526  _current_scene                     data_manager
     0000C529  _image_bank                        data_manager
     0000C52A  _image_ptr                         data_manager
     0000C52C  _image_attr_bank                   data_manager
     0000C52D  _image_attr_ptr                    data_manager
     0000C52F  _collision_bank                    data_manager
     0000C530  _collision_ptr                     data_manager
     0000C532  _image_tile_width                  data_manager
     0000C533  _image_tile_height                 data_manager
     0000C534  _image_width                       data_manager
     0000C536  _image_height                      data_manager
     0000C538  _sprites_len                       data_manager
     0000C539  _actors_len                        data_manager
     0000C53A  _projectiles_len                   data_manager
     0000C53B  _player_sprite_len                 data_manager
     0000C53C  _scene_type                        data_manager
     0000C53D  _scene_LCD_type                    data_manager
     0000C53E  _scene_stack                       data_manager
     0000C57E  _scene_stack_ptr                   data_manager
     0000C580  _scene_sprites_base_tiles          data_manager
     0000C5C0  _input_events                      events
     0000C5E8  _input_slots                       events
     0000C5F0  _timer_events                      events
     0000C604  _timer_values                      events
ASxxxx Linker V03.00 + NoICE + sdld,  page 39.
Hexadecimal  [32-Bits]

Area                                    Addr        Size        Decimal Bytes (Attributes)
--------------------------------        ----        ----        ------- ----- ------------
_DATA                               0000C0A0    0000197C =        6524. bytes (REL,CON)

      Value  Global                              Global Defined In Module
      -----  --------------------------------   ------------------------
     0000C60C  _fade_running                      fade_manager
     0000C60D  _fade_frames_per_step              fade_manager
     0000C60E  _fade_timer                        fade_manager
     0000C616  _joypads                           input
     0000C61B  _frame_joy                         input
     0000C61C  _last_joy                          input
     0000C61D  _recent_joy                        input
     0000C61E  _SIO_status                        
     0000C61F  _link_byte_sent                    
     0000C620  _link_next_mode                    
     0000C621  _save_blob_size                    load_save
     0000C623  _routine_queue                     music_manager
     0000C627  _routine_queue_head                music_manager
     0000C628  _routine_queue_tail                music_manager
     0000C629  _music_events                      music_manager
     0000C63D  _music_current_track_bank          music_manager
     0000C63E  _music_mute_flag                   music_manager
     0000C63F  _music_mute_mask                   music_manager
     0000C640  _music_next_track                  music_manager
     0000C642  _music_current_track               music_manager
     0000C644  _music_play_isr_counter            music_manager
     0000C645  _music_play_isr_pause              music_manager
     0000C646  _music_global_mute_mask            music_manager
     0000C647  _music_sfx_priority                music_manager
     0000C648  _DMG_palette                       palette
     0000C64B  _SprPalette                        palette
     0000C68B  _parallax_rows                     parallax
     0000C69D  _parallax_row                      parallax
     0000C69F  _projectiles                       projectiles
     0000C758  _projectile_defs                   projectiles
     0000C7CB  _projectiles_active_head           projectiles
     0000C7CD  _projectiles_inactive_head         projectiles
     0000C7D4  _scroll_x                          scroll
     0000C7D6  _scroll_y                          scroll
     0000C7D8  _draw_scroll_x                     scroll
     0000C7DA  _draw_scroll_y                     scroll
     0000C7DC  _scroll_x_max                      scroll
     0000C7DE  _scroll_y_max                      scroll
     0000C7E0  _scroll_offset_x                   scroll
     0000C7E1  _scroll_offset_y                   scroll
     0000C7E2  _pending_h_x                       scroll
     0000C7E3  _pending_h_y                       scroll
     0000C7E4  _pending_h_i                       scroll
     0000C7E5  _pending_w_x                       scroll
     0000C7E6  _pending_w_y                       scroll
     0000C7E7  _pending_w_i                       scroll
     0000C7E8  _current_row                       scroll
     0000C7EA  _new_row                           scroll
     0000C7EC  _current_col                       scroll
     0000C7EE  _new_col                           scroll
     0000C7F0  .image_tile_width                  
ASxxxx Linker V03.00 + NoICE + sdld,  page 40.
Hexadecimal  [32-Bits]

Area                                    Addr        Size        Decimal Bytes (Attributes)
--------------------------------        ----        ----        ------- ----- ------------
_DATA                               0000C0A0    0000197C =        6524. bytes (REL,CON)

      Value  Global                              Global Defined In Module
      -----  --------------------------------   ------------------------
     0000C7F1  _sfx_play_bank                     sfx_player
     0000C7F2  _sfx_play_sample                   sfx_player
     0000C7F4  _sfx_frame_skip                    sfx_player
     0000C7F5  _link_operation_mode               sio
     0000C7F6  _link_packet                       sio
     0000C816  _link_packet_len                   sio
     0000C817  _link_packet_ptr                   sio
     0000C819  _link_packet_received              sio
     0000C81A  _link_packet_snd_len               sio
     0000C81B  _link_packet_snd_ptr               sio
     0000C81D  _link_packet_sent                  sio
     0000C81E  __is_CGB                           system
     0000C81F  __is_SGB                           system
     0000C820  __current_ram_bank                 system
     0000C821  _triggers                          trigger
     0000C919  _last_trigger_tx                   trigger
     0000C91A  _last_trigger_ty                   trigger
     0000C91B  _last_trigger                      trigger
     0000C91C  _win_pos_x                         ui
     0000C91D  _win_dest_pos_x                    ui
     0000C91E  _win_pos_y                         ui
     0000C91F  _win_dest_pos_y                    ui
     0000C920  _win_speed                         ui
     0000C921  _text_drawn                        ui
     0000C922  _current_text_speed                ui
     0000C923  _text_wait                         ui
     0000C924  _text_options                      ui
     0000C925  _text_in_speed                     ui
     0000C926  _text_out_speed                    ui
     0000C927  _text_draw_speed                   ui
     0000C928  _text_ff_joypad                    ui
     0000C929  _text_ff                           ui
     0000C92A  _text_bkg_fill                     ui
     0000C92B  _ui_text_data                      ui
     0000CA35  _vwf_current_mask                  ui
     0000CA36  _vwf_current_rotate                ui
     0000CA37  _vwf_inverse_map                   ui
     0000CA38  _vwf_direction                     ui
     0000CA39  _vwf_current_font_desc             ui
     0000CA41  _vwf_current_font_bank             ui
     0000CA42  _vwf_current_font_idx              ui
     0000CA43  _text_render_base_addr             ui
     0000CA45  _text_scroll_addr                  ui
     0000CA47  _text_scroll_width                 ui
     0000CA48  _text_scroll_height                ui
     0000CA49  _text_scroll_fill                  ui
     0000CA4A  _text_sound_mask                   ui
     0000CA4B  _text_sound_bank                   ui
     0000CA4C  _text_sound_data                   ui
     0000CA4E  _overlay_priority                  ui
     0000CA55  __itoa_fmt_len                     vm_ui_a
ASxxxx Linker V03.00 + NoICE + sdld,  page 41.
Hexadecimal  [32-Bits]

Area                                    Addr        Size        Decimal Bytes (Attributes)
--------------------------------        ----        ----        ------- ----- ------------
_DATA                               0000C0A0    0000197C =        6524. bytes (REL,CON)

      Value  Global                              Global Defined In Module
      -----  --------------------------------   ------------------------
     0000CA56  .itoa_fmt_buf                      vm_ui_a
     0000CA59  _CTXS                              vm
     0000CB89  _first_ctx                         vm
     0000CB8B  _free_ctxs                         vm
     0000CB8D  _old_executing_ctx                 vm
     0000CB8F  _executing_ctx                     vm
     0000CB91  _vm_lock_state                     vm
     0000CB92  _vm_loaded_state                   vm
     0000CB93  _vm_exception_code                 vm
     0000CB94  _vm_exception_params_length        vm
     0000CB95  _vm_exception_params_bank          vm
     0000CB96  _vm_exception_params_offset        vm
     0000CB99  _script_memory                     vm
     0000D99F  _grounded                          platform
     0000D9A0  _on_ladder                         platform
     0000D9A1  _pl_vel_x                          platform
     0000D9A3  _pl_vel_y                          platform
     0000D9A5  _plat_min_vel                      platform
     0000D9A7  _plat_walk_vel                     platform
     0000D9A9  _plat_climb_vel                    platform
     0000D9AB  _plat_run_vel                      platform
     0000D9AD  _plat_walk_acc                     platform
     0000D9AF  _plat_run_acc                      platform
     0000D9B1  _plat_dec                          platform
     0000D9B3  _plat_jump_vel                     platform
     0000D9B5  _plat_grav                         platform
     0000D9B7  _plat_hold_grav                    platform
     0000D9B9  _plat_max_fall_vel                 platform
     0000D9BB  _shooter_reached_end               shmup
     0000D9BC  _shooter_dest                      shmup
     0000D9BE  _shooter_direction                 shmup
     0000D9BF  _topdown_grid                      topdown
     0000D9C0  ___rand_seed                       
     0000D9C2  gbt_playing                        
     0000D9C3  gbt_song                           
     0000D9C5  gbt_bank                           
     0000D9C6  gbt_speed                          
     0000D9C7  gbt_temp_play_data                 
     0000D9D3  gbt_loop_enabled                   
     0000D9D4  gbt_ticks_elapsed                  
     0000D9D5  gbt_current_step                   
     0000D9D6  gbt_current_pattern                
     0000D9D7  gbt_current_step_data_ptr          
     0000D9D9  gbt_channels_enabled               
     0000D9DA  gbt_pan                            
     0000D9DE  gbt_vol                            
     0000D9E2  gbt_instr                          
     0000D9E6  gbt_freq                           
     0000D9EC  __current_ch3_wave                 
     0000D9EC  __gbt_channel3_loaded_instrument   
     0000D9EC  gbt_channel3_loaded_instrument     
ASxxxx Linker V03.00 + NoICE + sdld,  page 42.
Hexadecimal  [32-Bits]

Area                                    Addr        Size        Decimal Bytes (Attributes)
--------------------------------        ----        ----        ------- ----- ------------
_DATA                               0000C0A0    0000197C =        6524. bytes (REL,CON)

      Value  Global                              Global Defined In Module
      -----  --------------------------------   ------------------------
     0000D9ED  gbt_arpeggio_freq_index            
     0000D9F6  gbt_arpeggio_enabled               
     0000D9F9  gbt_arpeggio_tick                  
     0000D9FC  gbt_sweep                          
     0000D9FF  gbt_cut_note_tick                  
     0000DA03  gbt_have_to_stop_next_step         
     0000DA04  gbt_update_pattern_pointers        
     0000DA05  ___call_banked_addr                far_ptr
     0000DA05  ___call_banked_ptr                 far_ptr
     0000DA07  ___call_banked_bank                far_ptr
     0000DA09  .int_0x48                          
     0000DA19  ___current_metasprite              Metasprites
     0000DA1B  ___current_base_tile               Metasprites
ASxxxx Linker V03.00 + NoICE + sdld,  page 43.
Hexadecimal  [32-Bits]

Area                                    Addr        Size        Decimal Bytes (Attributes)
--------------------------------        ----        ----        ------- ----- ------------
_INITIALIZED                        0000DA1C    00000019 =          25. bytes (REL,CON)

      Value  Global                              Global Defined In Module
      -----  --------------------------------   ------------------------
     0000DA1C  _fade_style                        fade_manager
     0000DA1D  _game_time                         game_time
     0000DA1E  _PRN_PKT_START                     gbprinter
     0000DA2C  _hide_sprites                      interrupts
     0000DA2D  _show_actors_on_overlay            interrupts
     0000DA2E  _overlay_cut_scanline              interrupts
     0000DA2F  _triggers_len                      trigger
     0000DA30  _exchange_state                    vm_sio
     0000DA31  _last_hit_trigger                  pointnclick
     0000DA32  _shooter_scroll_speed              shmup
     0000DA33  ___render_shadow_OAM               Metasprites
     0000DA34  __map_tile_offset                  SetTileMap
ASxxxx Linker V03.00 + NoICE + sdld,  page 44.
Hexadecimal  [32-Bits]

Area                                    Addr        Size        Decimal Bytes (Attributes)
--------------------------------        ----        ----        ------- ----- ------------
_HRAM12                             00000000    00000003 =           3. bytes (ABS,CON)

      Value  Global                              Global Defined In Module
      -----  --------------------------------   ------------------------
     0000FF90  __current_bank                     Runtime
     0000FF92  __shadow_OAM_base                  Runtime

ASxxxx Linker V03.00 + NoICE + sdld,  page 45.
Hexadecimal  [32-Bits]

Area                                    Addr        Size        Decimal Bytes (Attributes)
--------------------------------        ----        ----        ------- ----- ------------
_EHL_TRAMPOLINE0                    00000000    00000011 =          17. bytes (ABS,CON)

      Value  Global                              Global Defined In Module
      -----  --------------------------------   ------------------------
     00000008  ___sdcc_bcall_ehl                  

ASxxxx Linker V03.00 + NoICE + sdld,  page 46.
Hexadecimal  [32-Bits]

Area                                    Addr        Size        Decimal Bytes (Attributes)
--------------------------------        ----        ----        ------- ----- ------------
_CODE_2                             00024000    00004000 =       16384. bytes (REL,CON)

      Value  Global                              Global Defined In Module
      -----  --------------------------------   ------------------------
     00024000  ___func_ACTOR                      actor
     00024000  _actors_init                       actor
     0002403A  _emote_offsets                     actor
     00024049  _emote_metasprite                  actor
     00024055  _player_init                       actor
     0002406A  _deactivate_actor                  actor
     000241DB  _activate_actor                    actor
     0002431A  _activate_actors_in_row            actor
     00024411  _activate_actors_in_col            actor
     00024562  _actor_set_frames                  actor
     000245B6  _actor_set_frame_offset            actor
     000245F3  _actor_get_frame_offset            actor
     00024606  _actor_set_anim_idle               actor
     00024634  _actor_set_anim_moving             actor
     00024665  _actor_set_dir                     actor
     000246CA  _actor_at_tile                     actor
     000247A0  _actor_in_front_of_player          actor
     00024887  _actor_overlapping_player          actor
     00024B20  _actor_overlapping_bb              actor
     00024D3F  _actors_handle_player_collision    actor
     00024DCA  _check_collision_in_direction      actor
     000255BA  ___func_VM_ACTOR                   vm_actor
     000255BA  _vm_actor_move_to                  vm_actor
     00025F57  _vm_actor_move_cancel              vm_actor
     00025F8D  _vm_actor_activate                 vm_actor
     00025FDF  _vm_actor_deactivate               vm_actor
     00026030  _vm_actor_terminate_update         vm_actor
     00026077  _vm_actor_set_dir                  vm_actor
     000260C0  _vm_actor_set_anim                 vm_actor
     0002614D  _vm_actor_set_pos                  vm_actor
     000261C7  _vm_actor_get_pos                  vm_actor
     00026236  _vm_actor_get_dir                  vm_actor
     000262B0  _vm_actor_get_angle                vm_actor
     00026331  _vm_actor_emote                    vm_actor
[...]
C:/Users/Juan/AppData/Local/Temp/_gbsbuild/obj/ui.rel
                                          [ ui ]
C:/Users/Juan/AppData/Local/Temp/_gbsbuild/obj/vm_actor.rel
                                          [ vm_actor ]
C:/Users/Juan/AppData/Local/Temp/_gbsbuild/obj/vm_camera.rel
                                          [ vm_camera ]
C:/Users/Juan/AppData/Local/Temp/_gbsbuild/obj/vm_gameboy.rel
                                          [ vm_gameboy ]
C:/Users/Juan/AppData/Local/Temp/_gbsbuild/obj/vm_gbprinter.rel
                                          [ vm_gbprinter ]
C:/Users/Juan/AppData/Local/Temp/_gbsbuild/obj/vm_instructions.rel
                                          [ vm_instructions ]
C:/Users/Juan/AppData/Local/Temp/_gbsbuild/obj/vm_load_save.rel
                                          [ vm_load_save ]
C:/Users/Juan/AppData/Local/Temp/_gbsbuild/obj/vm_math.rel
                                          [ vm_math ]
C:/Users/Juan/AppData/Local/Temp/_gbsbuild/obj/vm_music.rel
                                          [ vm_music ]
C:/Users/Juan/AppData/Local/Temp/_gbsbuild/obj/vm_palette.rel
                                          [ vm_palette ]
C:/Users/Juan/AppData/Local/Temp/_gbsbuild/obj/vm_projectiles.rel
                                          [ vm_projectiles ]
C:/Users/Juan/AppData/Local/Temp/_gbsbuild/obj/vm_rtc.rel
                                          [ vm_rtc ]
C:/Users/Juan/AppData/Local/Temp/_gbsbuild/obj/vm_scene.rel
                                          [ vm_scene ]
C:/Users/Juan/AppData/Local/Temp/_gbsbuild/obj/vm_sgb.rel
                                          [ vm_sgb ]
C:/Users/Juan/AppData/Local/Temp/_gbsbuild/obj/vm_sio.rel
                                          [ vm_sio ]
C:/Users/Juan/AppData/Local/Temp/_gbsbuild/obj/vm_ui_a.rel
                                          [ vm_ui_a ]
C:/Users/Juan/AppData/Local/Temp/_gbsbuild/obj/vm_ui.rel
                                          [ vm_ui ]
C:/Users/Juan/AppData/Local/Temp/_gbsbuild/obj/vm.rel
                                          [ vm ]
C:/Users/Juan/AppData/Local/Temp/_gbsbuild/obj/actor_3_interact.rel
                                          [ actor_3_interact ]
C:/Users/Juan/AppData/Local/Temp/_gbsbuild/obj/actor_4_interact.rel
                                          [ actor_4_interact ]
C:/Users/Juan/AppData/Local/Temp/_gbsbuild/obj/actor_5_interact.rel
                                          [ actor_5_interact ]
C:/Users/Juan/AppData/Local/Temp/_gbsbuild/obj/actor_6_interact.rel
                                          [ actor_6_interact ]
C:/Users/Juan/AppData/Local/Temp/_gbsbuild/obj/actor_7_interact.rel
                                          [ actor_7_interact ]
C:/Users/Juan/AppData/Local/Temp/_gbsbuild/obj/actor_8_interact.rel
                                          [ actor_8_interact ]
C:/Users/Juan/AppData/Local/Temp/_gbsbuild/obj/bg_house_0_tilemap_attr.rel
                                          [ bg_house_0_tilemap_attr ]
C:/Users/Juan/AppData/Local/Temp/_gbsbuild/obj/bg_house_0_tilemap.rel
                                          [ bg_house_0_tilemap ]
C:/Users/Juan/AppData/Local/Temp/_gbsbuild/obj/bg_house_0_tileset.rel
                                          [ bg_house_0_tileset ]
C:/Users/Juan/AppData/Local/Temp/_gbsbuild/obj/bg_house_0.rel
                                          [ bg_house_0 ]
C:/Users/Juan/AppData/Local/Temp/_gbsbuild/obj/bg_house_tilemap_attr.rel
                                          [ bg_house_tilemap_attr ]
C:/Users/Juan/AppData/Local/Temp/_gbsbuild/obj/bg_house_tilemap.rel
                                          [ bg_house_tilemap ]
C:/Users/Juan/AppData/Local/Temp/_gbsbuild/obj/bg_house_tileset.rel
                                          [ bg_house_tileset ]
C:/Users/Juan/AppData/Local/Temp/_gbsbuild/obj/bg_house_wide_tilemap_attr.rel
                                          [ bg_house_wide_tilemap_attr ]
C:/Users/Juan/AppData/Local/Temp/_gbsbuild/obj/bg_house_wide_tilemap.rel
                                          [ bg_house_wide_tilemap ]
C:/Users/Juan/AppData/Local/Temp/_gbsbuild/obj/bg_house_wide_tileset.rel
                                          [ bg_house_wide_tileset ]
C:/Users/Juan/AppData/Local/Temp/_gbsbuild/obj/bg_house_wide.rel
                                          [ bg_house_wide ]
C:/Users/Juan/AppData/Local/Temp/_gbsbuild/obj/bg_house.rel
                                          [ bg_house ]
C:/Users/Juan/AppData/Local/Temp/_gbsbuild/obj/bg_logo_tilemap.rel
                                          [ bg_logo_tilemap ]
C:/Users/Juan/AppData/Local/Temp/_gbsbuild/obj/bg_logo_tileset.rel
                                          [ bg_logo_tileset ]
C:/Users/Juan/AppData/Local/Temp/_gbsbuild/obj/bg_logo.rel
                                          [ bg_logo ]
C:/Users/Juan/AppData/Local/Temp/_gbsbuild/obj/bg_placeholder_copy_tilemap_attr.rel
                                          [ bg_placeholder_copy_tilemap_attr ]
C:/Users/Juan/AppData/Local/Temp/_gbsbuild/obj/bg_placeholder_copy_tilemap.rel
                                          [ bg_placeholder_copy_tilemap ]
C:/Users/Juan/AppData/Local/Temp/_gbsbuild/obj/bg_placeholder_copy_tileset.rel
                                          [ bg_placeholder_copy_tileset ]
C:/Users/Juan/AppData/Local/Temp/_gbsbuild/obj/bg_placeholder_copy.rel
                                          [ bg_placeholder_copy ]
C:/Users/Juan/AppData/Local/Temp/_gbsbuild/obj/bg_titlescreen_tilemap.rel
                                          [ bg_titlescreen_tilemap ]
C:/Users/Juan/AppData/Local/Temp/_gbsbuild/obj/bg_titlescreen_tileset.rel
                                          [ bg_titlescreen_tileset ]
C:/Users/Juan/AppData/Local/Temp/_gbsbuild/obj/bg_titlescreen.rel
                                          [ bg_titlescreen ]
C:/Users/Juan/AppData/Local/Temp/_gbsbuild/obj/border.rel
                                          [ border ]
C:/Users/Juan/AppData/Local/Temp/_gbsbuild/obj/cursor_image.rel
                                          [ cursor_image ]
C:/Users/Juan/AppData/Local/Temp/_gbsbuild/obj/font_gbs_mono.rel
                                          [ font_gbs_mono ]
C:/Users/Juan/AppData/Local/Temp/_gbsbuild/obj/frame_image.rel
                                          [ frame_image ]
C:/Users/Juan/AppData/Local/Temp/_gbsbuild/obj/game_signature.rel
                                          [ game_signature ]
C:/Users/Juan/AppData/Local/Temp/_gbsbuild/obj/song_song_b_Data.rel
                                          [ song_song_b_Data ]
C:/Users/Juan/AppData/Local/Temp/_gbsbuild/obj/palette_0.rel
                                          [ palette_0 ]
C:/Users/Juan/AppData/Local/Temp/_gbsbuild/obj/palette_1.rel
                                          [ palette_1 ]
C:/Users/Juan/AppData/Local/Temp/_gbsbuild/obj/palette_2.rel
                                          [ palette_2 ]
C:/Users/Juan/AppData/Local/Temp/_gbsbuild/obj/scene_0_collisions.rel
                                          [ scene_0_collisions ]
C:/Users/Juan/AppData/Local/Temp/_gbsbuild/obj/scene_0_init.rel
                                          [ scene_0_init ]
C:/Users/Juan/AppData/Local/Temp/_gbsbuild/obj/scene_0.rel
                                          [ scene_0 ]
C:/Users/Juan/AppData/Local/Temp/_gbsbuild/obj/scene_2_collisions.rel
                                          [ scene_2_collisions ]
C:/Users/Juan/AppData/Local/Temp/_gbsbuild/obj/scene_2_init.rel
                                          [ scene_2_init ]
C:/Users/Juan/AppData/Local/Temp/_gbsbuild/obj/scene_2.rel
                                          [ scene_2 ]
C:/Users/Juan/AppData/Local/Temp/_gbsbuild/obj/scene_3_actors.rel
                                          [ scene_3_actors ]
C:/Users/Juan/AppData/Local/Temp/_gbsbuild/obj/scene_3_collisions.rel
                                          [ scene_3_collisions ]
C:/Users/Juan/AppData/Local/Temp/_gbsbuild/obj/scene_3_init.rel
                                          [ scene_3_init ]
C:/Users/Juan/AppData/Local/Temp/_gbsbuild/obj/scene_3_sprites.rel
                                          [ scene_3_sprites ]
C:/Users/Juan/AppData/Local/Temp/_gbsbuild/obj/scene_3_triggers.rel
                                          [ scene_3_triggers ]
C:/Users/Juan/AppData/Local/Temp/_gbsbuild/obj/scene_3.rel
                                          [ scene_3 ]
C:/Users/Juan/AppData/Local/Temp/_gbsbuild/obj/scene_4_collisions.rel
                                          [ scene_4_collisions ]
C:/Users/Juan/AppData/Local/Temp/_gbsbuild/obj/scene_4_init.rel
                                          [ scene_4_init ]
C:/Users/Juan/AppData/Local/Temp/_gbsbuild/obj/scene_4_triggers.rel
                                          [ scene_4_triggers ]
C:/Users/Juan/AppData/Local/Temp/_gbsbuild/obj/scene_4.rel
                                          [ scene_4 ]
C:/Users/Juan/AppData/Local/Temp/_gbsbuild/obj/scene_5_actors.rel
                                          [ scene_5_actors ]
C:/Users/Juan/AppData/Local/Temp/_gbsbuild/obj/scene_5_collisions.rel
                                          [ scene_5_collisions ]
C:/Users/Juan/AppData/Local/Temp/_gbsbuild/obj/scene_5_init.rel
                                          [ scene_5_init ]
C:/Users/Juan/AppData/Local/Temp/_gbsbuild/obj/scene_5_sprites.rel
                                          [ scene_5_sprites ]
C:/Users/Juan/AppData/Local/Temp/_gbsbuild/obj/scene_5_triggers.rel
                                          [ scene_5_triggers ]
C:/Users/Juan/AppData/Local/Temp/_gbsbuild/obj/scene_5.rel
                                          [ scene_5 ]
C:/Users/Juan/AppData/Local/Temp/_gbsbuild/obj/scene_6_actors.rel
                                          [ scene_6_actors ]
C:/Users/Juan/AppData/Local/Temp/_gbsbuild/obj/scene_6_collisions.rel
                                          [ scene_6_collisions ]
C:/Users/Juan/AppData/Local/Temp/_gbsbuild/obj/scene_6_init.rel
                                          [ scene_6_init ]
C:/Users/Juan/AppData/Local/Temp/_gbsbuild/obj/scene_6_sprites.rel
                                          [ scene_6_sprites ]
C:/Users/Juan/AppData/Local/Temp/_gbsbuild/obj/scene_6_triggers.rel
                                          [ scene_6_triggers ]
C:/Users/Juan/AppData/Local/Temp/_gbsbuild/obj/scene_6.rel
                                          [ scene_6 ]
C:/Users/Juan/AppData/Local/Temp/_gbsbuild/obj/script_engine_init.rel
                                          [  ]
C:/Users/Juan/AppData/Local/Temp/_gbsbuild/obj/sprite_actor_animated_tileset.rel
                                          [ sprite_actor_animated_tileset ]
C:/Users/Juan/AppData/Local/Temp/_gbsbuild/obj/sprite_actor_animated.rel
                                          [ sprite_actor_animated ]
C:/Users/Juan/AppData/Local/Temp/_gbsbuild/obj/sprite_actor_tileset.rel
                                          [ sprite_actor_tileset ]
C:/Users/Juan/AppData/Local/Temp/_gbsbuild/obj/sprite_actor.rel
                                          [ sprite_actor ]
C:/Users/Juan/AppData/Local/Temp/_gbsbuild/obj/sprite_car01_tileset.rel
                                          [ sprite_car01_tileset ]
C:/Users/Juan/AppData/Local/Temp/_gbsbuild/obj/sprite_car01.rel
                                          [ sprite_car01 ]
C:/Users/Juan/AppData/Local/Temp/_gbsbuild/obj/sprite_car02_tileset.rel
                                          [ sprite_car02_tileset ]
C:/Users/Juan/AppData/Local/Temp/_gbsbuild/obj/sprite_car02.rel
                                          [ sprite_car02 ]
C:/Users/Juan/AppData/Local/Temp/_gbsbuild/obj/sprite_car04_tileset.rel
                                          [ sprite_car04_tileset ]
C:/Users/Juan/AppData/Local/Temp/_gbsbuild/obj/sprite_car04.rel
                                          [ sprite_car04 ]
C:/Users/Juan/AppData/Local/Temp/_gbsbuild/obj/sprite_juan_tileset.rel
                                          [ sprite_juan_tileset ]
C:/Users/Juan/AppData/Local/Temp/_gbsbuild/obj/sprite_juan.rel
                                          [ sprite_juan ]
C:/Users/Juan/AppData/Local/Temp/_gbsbuild/obj/sprite_matthew_tileset.rel
                                          [ sprite_matthew_tileset ]
C:/Users/Juan/AppData/Local/Temp/_gbsbuild/obj/sprite_matthew.rel
                                          [ sprite_matthew ]
C:/Users/Juan/AppData/Local/Temp/_gbsbuild/obj/sprite_player_tileset.rel
                                          [ sprite_player_tileset ]
C:/Users/Juan/AppData/Local/Temp/_gbsbuild/obj/sprite_player.rel
                                          [ sprite_player ]
C:/Users/Juan/AppData/Local/Temp/_gbsbuild/obj/sprite_seth_tileset.rel
                                          [ sprite_seth_tileset ]
C:/Users/Juan/AppData/Local/Temp/_gbsbuild/obj/sprite_seth.rel
                                          [ sprite_seth ]
C:/Users/Juan/AppData/Local/Temp/_gbsbuild/obj/sprite_static_tileset.rel
                                          [ sprite_static_tileset ]
C:/Users/Juan/AppData/Local/Temp/_gbsbuild/obj/sprite_static.rel
                                          [ sprite_static ]
C:/Users/Juan/AppData/Local/Temp/_gbsbuild/obj/spritesheet_none.rel
                                          [ spritesheet_none ]
C:/Users/Juan/AppData/Local/Temp/_gbsbuild/obj/trigger_0_interact.rel
                                          [ trigger_0_interact ]
C:/Users/Juan/AppData/Local/Temp/_gbsbuild/obj/trigger_1_interact.rel
                                          [ trigger_1_interact ]
C:/Users/Juan/AppData/Local/Temp/_gbsbuild/obj/trigger_2_interact.rel
                                          [ trigger_2_interact ]
C:/Users/Juan/AppData/Local/Temp/_gbsbuild/obj/trigger_3_interact.rel
                                          [ trigger_3_interact ]
C:/Users/Juan/AppData/Local/Temp/_gbsbuild/obj/trigger_4_interact.rel
                                          [ trigger_4_interact ]
C:/Users/Juan/AppData/Local/Temp/_gbsbuild/obj/trigger_5_interact.rel
                                          [ trigger_5_interact ]
C:/Users/Juan/AppData/Local/Temp/_gbsbuild/obj/trigger_6_interact.rel
                                          [ trigger_6_interact ]
C:/Users/Juan/AppData/Local/Temp/_gbsbuild/obj/trigger_7_interact.rel
                                          [ trigger_7_interact ]
C:/Users/Juan/AppData/Local/Temp/_gbsbuild/obj/trigger_8_interact.rel
                                          [ trigger_8_interact ]
C:/Users/Juan/AppData/Local/Temp/_gbsbuild/obj/trigger_9_interact.rel
                                          [ trigger_9_interact ]
C:/Users/Juan/AppData/Local/Temp/_gbsbuild/obj/main.rel
                                          [ main ]
C:/Users/Juan/AppData/Local/Temp/_gbsbuild/obj/adventure.rel
                                          [ adventure ]
C:/Users/Juan/AppData/Local/Temp/_gbsbuild/obj/logo.rel
                                          [ logo ]
C:/Users/Juan/AppData/Local/Temp/_gbsbuild/obj/platform.rel
                                          [ platform ]
C:/Users/Juan/AppData/Local/Temp/_gbsbuild/obj/pointnclick.rel
                                          [ pointnclick ]
C:/Users/Juan/AppData/Local/Temp/_gbsbuild/obj/shmup.rel
                                          [ shmup ]
C:/Users/Juan/AppData/Local/Temp/_gbsbuild/obj/states_ptrs.rel
                                          [  ]
C:/Users/Juan/AppData/Local/Temp/_gbsbuild/obj/topdown.rel
                                          [ topdown ]


Libraries Linked                          [ object file ]

C:\Users\Juan\AppData\Local\Temp/_gbstools/gbdk/lib/small/asxxxx/gb/gb.lib
                                          [ fill_rect_wi.o ]
C:\Users\Juan\AppData\Local\Temp/_gbstools/gbdk/lib/small/asxxxx/gbz80/gbz80.lib
                                          [ rand.o ]
C:\Users\Juan\AppData\Local\Temp/_gbstools/gbdk/lib/small/asxxxx/gb/gb.lib
                                          [ sfr.o ]
C:\Users\Juan\AppData\Local\Temp/_gbstools/gbdk/lib/small/asxxxx/gb/gb.lib
                                          [ get_data.o ]
C:\Users\Juan\AppData\Local\Temp/_gbstools/gbdk/lib/small/asxxxx/gb/gb.lib
                                          [ get_tile.o ]
C:\Users\Juan\AppData\Local\Temp/_gbstools/gbdk/lib/small/asxxxx/gb/gb.lib
                                          [ cgb_palettes.o ]
lib/gbt_player.lib                        [ gbt_player.o ]
C:\Users\Juan\AppData\Local\Temp/_gbstools/gbdk/lib/small/asxxxx/gb/gb.lib
                                          [ metasprites_hide_spr.o ]
C:\Users\Juan\AppData\Local\Temp/_gbstools/gbdk/lib/small/asxxxx/gbz80/gbz80.lib
                                          [ mul.o ]
C:\Users\Juan\AppData\Local\Temp/_gbstools/gbdk/lib/small/asxxxx/gbz80/gbz80.lib
                                          [ abs.o ]
C:\Users\Juan\AppData\Local\Temp/_gbstools/gbdk/lib/small/asxxxx/gb/gb.lib
                                          [ set_wi_t.o ]
C:\Users\Juan\AppData\Local\Temp/_gbstools/gbdk/lib/small/asxxxx/gb/gb.lib
                                          [ set_data.o ]
C:\Users\Juan\AppData\Local\Temp/_gbstools/gbdk/lib/small/asxxxx/gbz80/gbz80.lib
                                          [ reverse.o ]
C:\Users\Juan\AppData\Local\Temp/_gbstools/gbdk/lib/small/asxxxx/gb/gb.lib
                                          [ far_ptr.o ]
C:\Users\Juan\AppData\Local\Temp/_gbstools/gbdk/lib/small/asxxxx/gb/gb.lib
                                          [ sgb.o ]
C:\Users\Juan\AppData\Local\Temp/_gbstools/gbdk/lib/small/asxxxx/gb/gb.lib
                                          [ lcd.o ]
C:\Users\Juan\AppData\Local\Temp/_gbstools/gbdk/lib/small/asxxxx/gb/gb.lib
                                          [ fill_rect.o ]
C:\Users\Juan\AppData\Local\Temp/_gbstools/gbdk/lib/small/asxxxx/gb/gb.lib
                                          [ pad_ex.o ]
C:\Users\Juan\AppData\Local\Temp/_gbstools/gbdk/lib/small/asxxxx/gb/gb.lib
                                          [ cpy_data.o ]
C:\Users\Juan\AppData\Local\Temp/_gbstools/gbdk/lib/small/asxxxx/gb/gb.lib
                                          [ fill_rect_bk.o ]
C:\Users\Juan\AppData\Local\Temp/_gbstools/gbdk/lib/small/asxxxx/gb/gb.lib
                                          [ metasprites.o ]
C:\Users\Juan\AppData\Local\Temp/_gbstools/gbdk/lib/small/asxxxx/gbz80/gbz80.lib
                                          [ __sdcc_call_hl.o ]
C:\Users\Juan\AppData\Local\Temp/_gbstools/gbdk/lib/small/asxxxx/gbz80/gbz80.lib
                                          [ _memcpy.o ]
C:\Users\Juan\AppData\Local\Temp/_gbstools/gbdk/lib/small/asxxxx/gbz80/gbz80.lib
                                          [ _memset.o ]
C:\Users\Juan\AppData\Local\Temp/_gbstools/gbdk/lib/small/asxxxx/gb/gb.lib
                                          [ set_xy_t.o ]
C:\Users\Juan\AppData\Local\Temp/_gbstools/gbdk/lib/small/asxxxx/gb/gb.lib
                                          [ cgb.o ]
C:\Users\Juan\AppData\Local\Temp/_gbstools/gbdk/lib/small/asxxxx/gbz80/gbz80.lib
                                          [ div.o ]
C:\Users\Juan\AppData\Local\Temp/_gbstools/gbdk/lib/small/asxxxx/gb/gb.lib
                                          [ set_bk_t.o ]
lib/gbt_player.lib                        [ gbt_player_bank1.o ]

ASxxxx Linker V03.00 + NoICE + sdld,  page 67.

User Base Address Definitions

_DATA=0xC0A0
_CODE=0x0200
ASxxxx Linker V03.00 + NoICE + sdld,  page 68.

User Global Definitions

.STACK=0xDF00
_shadow_OAM=0xC000
.refresh_OAM=0xFF80
__start_save=4

